```
cp@linux:~/cpserver/test/testcase/ljt> cat /proc/meminfo
MemTotal:        6062004 kB
MemFree:         3559036 kB
Buffers:           68136 kB
Cached:          1148192 kB
SwapCached:        14964 kB
Active:          1916900 kB
Inactive:         275228 kB
Active(anon):    1123976 kB
Inactive(anon):    11716 kB
Active(file):     792924 kB
Inactive(file):   263512 kB
Unevictable:           0 kB
Mlocked:               0 kB
SwapTotal:       4200956 kB
SwapFree:        3654076 kB
Dirty:               100 kB
Writeback:             0 kB
AnonPages:        970736 kB
Mapped:           202832 kB
Shmem:            159892 kB
Slab:             207424 kB
SReclaimable:      62388 kB
SUnreclaim:       145036 kB
KernelStack:        6000 kB
PageTables:        51192 kB
NFS_Unstable:          0 kB
Bounce:                0 kB
WritebackTmp:          0 kB
CommitLimit:     7231956 kB
Committed_AS:    2346200 kB
VmallocTotal:   34359738367 kB
VmallocUsed:      162000 kB
VmallocChunk:   34359569459 kB
HardwareCorrupted:     0 kB
HugePages_Total:       0
HugePages_Free:        0
HugePages_Rsvd:        0
HugePages_Surp:        0
Hugepagesize:       2048 kB
DirectMap4k:       10240 kB
DirectMap2M:     6281216 kB
```



